185.35.220.206 - - [19/Oct/2017:03:37:07 +0300] "GET /efind.php?search=ATtiny26L&from=efind HTTP/1.0" 200 7 "-" "eFind/Cthulhu 0.9"
185.35.220.206 - - [19/Oct/2017:03:37:14 +0300] "GET /efind.php?search=16T50C3&from=efind HTTP/1.0" 200 7 "-" "eFind/Cthulhu 0.9"
176.121.14.111 - - [19/Oct/2017:03:37:15 +0300] "GET /catalog/rezistory/peremennye-rezistory/ppb/ppb-50/rezistor-ppb-50e-50vt-4-7-kom-5-quot-5-quot-16802/ HTTP/1.1" 200 11543 "-" "Mozilla/5.0 (compatible; MSIE 10.0; Windows NT 6.1; WOW64; Trident/6.0)"
185.35.220.206 - - [19/Oct/2017:03:37:21 +0300] "GET /efind.php?search=929838-02-03&from=efind HTTP/1.0" 200 7 "-" "eFind/Cthulhu 0.9"
207.46.13.75 - - [19/Oct/2017:03:37:28 +0300] "GET /catalog/mikroskhemy/seriya-157-199/mikroskhema-159nt1a-22953/ HTTP/1.1" 200 11089 "-" "Mozilla/5.0 (compatible; bingbot/2.0; +http://www.bing.com/bingbot.htm)"
178.154.224.71 - - [19/Oct/2017:03:37:30 +0300] "GET / HTTP/1.1" 200 12262 "-" "Mozilla/5.0 (compatible; YandexMetrika/2.0; +http://yandex.com/bots mtmon01f.yandex.ru)"
185.35.220.206 - - [19/Oct/2017:03:37:41 +0300] "GET /efind.php?search=0-83-007&from=efind HTTP/1.0" 200 7 "-" "eFind/Cthulhu 0.9"
66.249.76.115 - - [19/Oct/2017:03:37:49 +0300] "GET /catalog/rezistory/rezistory-obshchego-naznacheniya/s2-33/s2-33n/s2-33n-2vt/rezistor-s2-33n-2vt-9-1-kom-5-a-d-v-quot-5-quot-19656/ HTTP/1.1" 200 11658 "-" "Mozilla/5.0 (compatible; Googlebot/2.1; +http://www.google.com/bot.html)"
185.35.220.206 - - [19/Oct/2017:03:37:58 +0300] "GET /efind.php?search=max232&from=efind HTTP/1.0" 200 7 "-" "eFind/Cthulhu 0.9"
185.35.220.206 - - [19/Oct/2017:03:38:01 +0300] "GET /efind.php?search=20KPA204CA&from=efind HTTP/1.0" 200 7 "-" "eFind/Cthulhu 0.9"
144.76.83.141 - - [19/Oct/2017:03:38:01 +0300] "GET /chipfind.php?search=1515LX103M10 HTTP/1.1" 200 17 "-" "ChipFind search robot"
128.74.146.129 - - [19/Oct/2017:03:38:06 +0300] "GET /catalog/kondensatory/kombinirovannye/k75-4ikh/kondensator-k75-4ikh-750v-0-47mkf-20-14477/ HTTP/1.1" 200 11405 "https://yandex.ru/clck/jsredir?from=yandex.ru%3Bsearch%2F%3Bweb%3B%3B&text=&etext=1578.PoBlDmg_wqnT7ifvLgtDJIUI-YnQNLqxnrPPqcO_a2QpyxY6p7qvJm9TVpCb4TDRKClEY4R90KLhoeoPhEroY4FHlg2AshmR1mHIh2VZypxj_Re6fQGQQMyt72njnRSKoi5qTijEtkrYlrWXEU025g.2c48265db36a8a92bfae35f6310bf622381ae5f5&uuid=&state=PEtFfuTeVD5kpHnK9lio9WCnKp0DidhEirH87WyZlesveWOf0ZR05ApK_QhD-s8NxruHRrArz1cUhMv7mZkhFQ,,&&cst=AiuY0DBWFJ5wM1vcHtsEOKRiK_RbxZ2JE1QENO07ktxllm01gSGzk9qYl7dmgLXkddAqUyh4xvHTgdYVk_v0NIXDNBmjB0o7sc8meP0BbS2lsogoDx3An1pDJi1a_NM1ogZd3uBSXNkGhoGbcj5YBnDq5s7Su_V5kcA7LLO5Q1QBHuSGb0drRncPZ0Qly_0dndnD-_B-WZjkc9zGnxaJZXeRpePg1_YtSA6qX68RFzE5orPqE79ObFIoFyyjDcuoVWnV_r-7NI8ETKBT9PuYwmzl3SmdHxFucPCe59Q9MEgF_S1R9oGKvoZfUU2l88eFtEy6mK_eRLYQvnovq_EmTtFdF9GEAd2mHINXTHLI0S_8_BwkyyujnAAzu16I6ULFkiQ5NxKBw-JHLCs5xtilQ2YRJxnCbP8AnQjl6qc2XuSB1Y0P6sZtX7hflC3OjEUtOYkhZGEz4u3c76En_bp1NEU7slaUK52Kd0qh0zclQ7yjaZYehLUzciR5THvtIKjv_vGuCbD3XvGSi9p9TmwQ_WgT8SRIwvNnxrvWz4sY2QL-CNNHWQGMiXsAYWx5ygO501KzTW_CKOP3j1fTKsIxygSQjfm27_NPM8AO86pst5Qiy3bpz6NWdefEJhXev214ZUvB_E7x0spRkIKuyRVXdgI3OWO7u0gs&data=UlNrNmk5WktYejR0eWJFYk1LdmtxdWpJOVRxVXhmVlBUZjBjVjE5THQ4Rzk3bW9HLUUyZU5OeFBUQmZxSjlIYUkxWnFYSmhSMWVMVmprWEFXYnNESUIwU3pIaGVEaGd4MDlfcnZNa0NNN3hMMDZGU3FtMG5XRE5NVnZyMW5YclJ4RFNTeHZ2SFYzXzhaOHdZdDdWdWdMbzRiaGszYjVmLXB4OXUxRnZRSmRlQnlOS20tc1JFTHZnTV9CeVVuc1hNS3lfd2J1ZS16T0pNSzFId29sT2RUOVM0cTJXYWhzSnFwdDQ1aDFycjBxaE9UWnY1XzhEbzJRLCw,&sign=80e59d446091448d24755323f1d8c9b2&keyno=0&b64e=2&ref=orjY4mGPRjk5boDnW0uvlrrd71vZw9kpVBUyA8nmgRGGniRDizg1qX6U4gA2S8YSaFWadhn7kk5-QY8YSGirdOcrOxePd_7jl3MtQXyMNIiYQ_whuFkOATZ4p9j4q0xix1bcdux3G8sk13RhsG_86OnRnUDpoxo3wmTbE9caCoQPcKXv1z3tuFy-cYxBhK5KxEjJ-V1mVNZq7FfMdJeO60kKbeLq42VsmUI9UkbSDOfXEylNYsHyhcTUnBZ3BSGO9AAUGvCkR0sefS3V_15CnRRjAmhKCCfxTJLNVmah6zZ1wJTPYvIcR2ffbYqZ-LV_yANihkNEv3zx61DyhfbDHQ,,&l10n=ru&cts=1508373483517&mc=5.773305479842199&bu=uniq15083528638812360359" "Mozilla/5.0 (Windows NT 6.3; Win64; x64) AppleWebKit/537.36 (KHTML, like Gecko) Chrome/61.0.3163.100 Safari/537.36"
185.35.220.206 - - [19/Oct/2017:03:38:21 +0300] "GET /efind.php?search=V20E320PL1T&from=efind HTTP/1.0" 200 7 "-" "eFind/Cthulhu 0.9"
128.74.146.129 - - [19/Oct/2017:03:38:25 +0300] "GET /catalog/kondensatory/kombinirovannye/k75-4ikh/kondensator-k75-4ikh-750v-0-47mkf-20-14477/ HTTP/1.1" 200 11406 "https://yandex.ru/clck/jsredir?from=yandex.ru%3Bsearch%2F%3Bweb%3B%3B&text=&etext=1578.PoBlDmg_wqnT7ifvLgtDJIUI-YnQNLqxnrPPqcO_a2QpyxY6p7qvJm9TVpCb4TDRKClEY4R90KLhoeoPhEroY4FHlg2AshmR1mHIh2VZypxj_Re6fQGQQMyt72njnRSKoi5qTijEtkrYlrWXEU025g.2c48265db36a8a92bfae35f6310bf622381ae5f5&uuid=&state=PEtFfuTeVD5kpHnK9lio9WCnKp0DidhEirH87WyZlesveWOf0ZR05ApK_QhD-s8NxruHRrArz1cUhMv7mZkhFQ,,&&cst=AiuY0DBWFJ5wM1vcHtsEOKRiK_RbxZ2JE1QENO07ktxllm01gSGzk9qYl7dmgLXkddAqUyh4xvHTgdYVk_v0NIXDNBmjB0o7sc8meP0BbS2lsogoDx3An1pDJi1a_NM1ogZd3uBSXNkGhoGbcj5YBnDq5s7Su_V5kcA7LLO5Q1QBHuSGb0drRncPZ0Qly_0dndnD-_B-WZjkc9zGnxaJZXeRpePg1_YtSA6qX68RFzE5orPqE79ObFIoFyyjDcuoVWnV_r-7NI8ETKBT9PuYwmzl3SmdHxFucPCe59Q9MEgF_S1R9oGKvoZfUU2l88eFtEy6mK_eRLYQvnovq_EmTtFdF9GEAd2mHINXTHLI0S_8_BwkyyujnAAzu16I6ULFkiQ5NxKBw-JHLCs5xtilQ2YRJxnCbP8AnQjl6qc2XuSB1Y0P6sZtX7hflC3OjEUtOYkhZGEz4u3c76En_bp1NEU7slaUK52Kd0qh0zclQ7yjaZYehLUzciR5THvtIKjv_vGuCbD3XvGSi9p9TmwQ_WgT8SRIwvNnxrvWz4sY2QL-CNNHWQGMiXsAYWx5ygO501KzTW_CKOP3j1fTKsIxygSQjfm27_NPM8AO86pst5Qiy3bpz6NWdefEJhXev214ZUvB_E7x0spRkIKuyRVXdgI3OWO7u0gs&data=UlNrNmk5WktYejR0eWJFYk1LdmtxdWpJOVRxVXhmVlBUZjBjVjE5THQ4Rzk3bW9HLUUyZU5OeFBUQmZxSjlIYUkxWnFYSmhSMWVMVmprWEFXYnNESUIwU3pIaGVEaGd4MDlfcnZNa0NNN3hMMDZGU3FtMG5XRE5NVnZyMW5YclJ4RFNTeHZ2SFYzXzhaOHdZdDdWdWdMbzRiaGszYjVmLXB4OXUxRnZRSmRlQnlOS20tc1JFTHZnTV9CeVVuc1hNS3lfd2J1ZS16T0pNSzFId29sT2RUOVM0cTJXYWhzSnFwdDQ1aDFycjBxaE9UWnY1XzhEbzJRLCw,&sign=80e59d446091448d24755323f1d8c9b2&keyno=0&b64e=2&ref=orjY4mGPRjk5boDnW0uvlrrd71vZw9kpVBUyA8nmgRGGniRDizg1qX6U4gA2S8YSaFWadhn7kk5-QY8YSGirdOcrOxePd_7jl3MtQXyMNIiYQ_whuFkOATZ4p9j4q0xix1bcdux3G8sk13RhsG_86OnRnUDpoxo3wmTbE9caCoQPcKXv1z3tuFy-cYxBhK5KxEjJ-V1mVNZq7FfMdJeO60kKbeLq42VsmUI9UkbSDOfXEylNYsHyhcTUnBZ3BSGO9AAUGvCkR0sefS3V_15CnRRjAmhKCCfxTJLNVmah6zZ1wJTPYvIcR2ffbYqZ-LV_yANihkNEv3zx61DyhfbDHQ,,&l10n=ru&cts=1508373503421&mc=5.7706570140771705&bu=uniq15083528638812360359" "Mozilla/5.0 (Windows NT 6.3; Win64; x64) AppleWebKit/537.36 (KHTML, like Gecko) Chrome/61.0.3163.100 Safari/537.36"
185.35.220.206 - - [19/Oct/2017:03:38:26 +0300] "GET /efind.php?search=PE12864WRF-001-H&from=efind HTTP/1.0" 200 7 "-" "eFind/Cthulhu 0.9"
185.35.220.206 - - [19/Oct/2017:03:38:41 +0300] "GET /efind.php?search=MC100ES8011PEF&from=efind HTTP/1.0" 200 7 "-" "eFind/Cthulhu 0.9"
185.35.220.206 - - [19/Oct/2017:03:39:01 +0300] "GET /efind.php?search=CDR105-221K&from=efind HTTP/1.0" 200 7 "-" "eFind/Cthulhu 0.9"
185.35.220.206 - - [19/Oct/2017:03:39:09 +0300] "GET /efind.php?search=test20specIBSRWGBD&from=efind HTTP/1.0" 200 7 "-" "eFind/Cthulhu 0.9"
207.46.13.75 - - [19/Oct/2017:03:39:09 +0300] "GET /catalog/mikroskhemy/seriya-200-499/mikroskhema-kr293kp1b-22979/ HTTP/1.1" 200 11116 "-" "Mozilla/5.0 (compatible; bingbot/2.0; +http://www.bing.com/bingbot.htm)"
185.35.220.206 - - [19/Oct/2017:03:39:21 +0300] "GET /efind.php?search=ID8279-5&from=efind HTTP/1.0" 200 7 "-" "eFind/Cthulhu 0.9"
68.180.228.102 - - [19/Oct/2017:03:39:45 +0300] "GET /catalog/tranzistory/?PAGEN_1=12 HTTP/1.1" 200 11056 "-" "Mozilla/5.0 (compatible; Yahoo! Slurp; http://help.yahoo.com/help/us/ysearch/slurp)"
144.76.83.141 - - [19/Oct/2017:03:39:58 +0300] "GET /chipfind.php?search=APS3007 HTTP/1.1" 200 17 "-" "ChipFind search robot"
144.76.83.141 - - [19/Oct/2017:03:40:02 +0300] "GET /chipfind.php?search=APS3007 HTTP/1.1" 200 17 "-" "ChipFind search robot"
176.121.14.136 - - [19/Oct/2017:03:40:04 +0300] "GET /catalog/diody/vypryamitelnye/diod-kd102b-22503/ HTTP/1.1" 200 11126 "-" "Mozilla/5.0 (compatible, MSIE 11, Windows NT 6.3; Trident/7.0; rv:11.0) like Gecko"
185.35.220.206 - - [19/Oct/2017:03:40:21 +0300] "GET /efind.php?search=00970021N&from=efind HTTP/1.0" 200 7 "-" "eFind/Cthulhu 0.9"
66.249.76.117 - - [19/Oct/2017:03:40:30 +0300] "GET /catalog/silovye-pribory/C0016701/C0077353/ HTTP/1.1" 200 10951 "-" "Mozilla/5.0 (compatible; Googlebot/2.1; +http://www.google.com/bot.html)"
51.255.71.100 - - [19/Oct/2017:03:40:33 +0300] "GET /catalog/C0000163/C0016668/C0015394/C0009012/C0007757/C0064460/ HTTP/1.1" 404 11394 "-" "Mozilla/5.0 (compatible; AhrefsBot/5.2; +http://ahrefs.com/robot/)"
144.76.83.141 - - [19/Oct/2017:03:40:37 +0300] "GET /chipfind.php?search=100321QC HTTP/1.1" 200 17 "-" "ChipFind search robot"
185.35.220.206 - - [19/Oct/2017:03:40:41 +0300] "GET /efind.php?search=KM68V257ETGI-20&from=efind HTTP/1.0" 200 7 "-" "eFind/Cthulhu 0.9"
185.35.220.206 - - [19/Oct/2017:03:41:01 +0300] "GET /efind.php?search=B45196H0227M409&from=efind HTTP/1.0" 200 7 "-" "eFind/Cthulhu 0.9"
185.35.220.206 - - [19/Oct/2017:03:41:21 +0300] "GET /efind.php?search=C0553-03XXXAXX&from=efind HTTP/1.0" 200 7 "-" "eFind/Cthulhu 0.9"
217.69.134.134 - - [19/Oct/2017:03:41:31 +0300] "GET /sitemap.xml HTTP/1.1" 304 0 "-" "Mozilla/5.0 (compatible; Linux x86_64; Mail.RU_Bot/Fast/2.0; +http://go.mail.ru/help/robots)"
185.35.220.206 - - [19/Oct/2017:03:41:41 +0300] "GET /efind.php?search=12107C102KAT4A&from=efind HTTP/1.0" 200 7 "-" "eFind/Cthulhu 0.9"
37.9.118.28 - - [19/Oct/2017:03:41:45 +0300] "GET / HTTP/1.1" 200 12267 "-" "Mozilla/5.0 (compatible; YandexMetrika/2.0; +http://yandex.com/bots mtmon01i.yandex.ru)"
51.255.65.62 - - [19/Oct/2017:03:41:55 +0300] "GET /catalog/kondensatory/metallobumazhnye/K42U/ HTTP/1.1" 200 11308 "-" "Mozilla/5.0 (compatible; AhrefsBot/5.2; +http://ahrefs.com/robot/)"
207.46.13.75 - - [19/Oct/2017:03:42:01 +0300] "GET /catalog/kondensatory/keramicheskie/k10-73-1/kondensator-k10-73-1b-m1500-50v-4700pf-10-24061/ HTTP/1.1" 200 11472 "-" "Mozilla/5.0 (compatible; bingbot/2.0; +http://www.bing.com/bingbot.htm)"
185.35.220.206 - - [19/Oct/2017:03:42:08 +0300] "GET /efind.php?search=test20specHFFUBSAO&from=efind HTTP/1.0" 200 7 "-" "eFind/Cthulhu 0.9"
185.35.220.206 - - [19/Oct/2017:03:42:21 +0300] "GET /efind.php?search=03455QS7X&from=efind HTTP/1.0" 200 7 "-" "eFind/Cthulhu 0.9"
164.132.161.52 - - [19/Oct/2017:03:42:27 +0300] "GET /catalog/silovye-pribory/diody-silovye/diody-vypryamitelnye1/diody-tabletochnogo-ispolneniya/d253-d353/C0079131/ HTTP/1.1" 200 11345 "-" "Mozilla/5.0 (compatible; AhrefsBot/5.2; +http://ahrefs.com/robot/)"
176.121.14.121 - - [19/Oct/2017:03:42:32 +0300] "GET /catalog/rezistory/rezistory-obshchego-naznacheniya/s2-33/s2-33n/s2-33n-0-125vt/rezistor-s2-33n-0-125vt-51-kom-5-18226/ HTTP/1.1" 200 11605 "-" "Mozilla/5.0 (Windows NT 6.3; WOW64) AppleWebKit/537.36 (KHTML, like Gecko) Chrome/41.0.2226.0 Safari/537.36"
185.35.220.206 - - [19/Oct/2017:03:42:34 +0300] "GET /efind.php?search=AD7606BSTZ1&from=efind HTTP/1.0" 200 7 "-" "eFind/Cthulhu 0.9"
185.35.220.206 - - [19/Oct/2017:03:42:40 +0300] "GET /efind.php?search=2%D0%94%D0%A82123%D0%9094&from=efind HTTP/1.0" 200 7 "-" "eFind/Cthulhu 0.9"
185.35.220.206 - - [19/Oct/2017:03:42:41 +0300] "GET /efind.php?search=MS27466T15F35SC&from=efind HTTP/1.0" 200 7 "-" "eFind/Cthulhu 0.9"
185.35.220.206 - - [19/Oct/2017:03:42:54 +0300] "GET /efind.php?search=386313802&from=efind HTTP/1.0" 200 7 "-" "eFind/Cthulhu 0.9"
185.35.220.206 - - [19/Oct/2017:03:43:02 +0300] "GET /efind.php?search=MPX2052GP&from=efind HTTP/1.0" 200 7 "-" "eFind/Cthulhu 0.9"
185.35.220.206 - - [19/Oct/2017:03:43:10 +0300] "GET /efind.php?search=386913802&from=efind HTTP/1.0" 200 7 "-" "eFind/Cthulhu 0.9"
185.35.220.206 - - [19/Oct/2017:03:43:19 +0300] "GET /efind.php?search=ad2s82akp&from=efind HTTP/1.0" 200 7 "-" "eFind/Cthulhu 0.9"
185.35.220.206 - - [19/Oct/2017:03:43:19 +0300] "GET /efind.php?search=RCM3600&from=efind HTTP/1.0" 200 7 "-" "eFind/Cthulhu 0.9"
185.35.220.206 - - [19/Oct/2017:03:43:21 +0300] "GET /efind.php?search=CXP871P40Q-1&from=efind HTTP/1.0" 200 7 "-" "eFind/Cthulhu 0.9"
185.35.220.206 - - [19/Oct/2017:03:43:22 +0300] "GET /efind.php?search=ER14250-VY&from=efind HTTP/1.0" 200 7 "-" "eFind/Cthulhu 0.9"
185.35.220.206 - - [19/Oct/2017:03:43:24 +0300] "GET /efind.php?search=TA-010TCM100M-C1RY&from=efind HTTP/1.0" 200 7 "-" "eFind/Cthulhu 0.9"
185.35.220.206 - - [19/Oct/2017:03:43:26 +0300] "GET /efind.php?search=dta7496&from=efind HTTP/1.0" 200 7 "-" "eFind/Cthulhu 0.9"
164.132.161.78 - - [19/Oct/2017:03:43:26 +0300] "GET /catalog/C0000163/C0020077/C0007553/C0009021/C0077404/ HTTP/1.1" 404 11389 "-" "Mozilla/5.0 (compatible; AhrefsBot/5.2; +http://ahrefs.com/robot/)"
185.35.220.206 - - [19/Oct/2017:03:43:36 +0300] "GET /efind.php?search=CIR%2018TV&from=efind HTTP/1.0" 200 7 "-" "eFind/Cthulhu 0.9"
185.35.220.206 - - [19/Oct/2017:03:43:39 +0300] "GET /efind.php?search=LFT%201%20FE.&from=efind HTTP/1.0" 200 7 "-" "eFind/Cthulhu 0.9"
185.35.220.206 - - [19/Oct/2017:03:43:40 +0300] "GET /efind.php?search=BIT3195G&from=efind HTTP/1.0" 200 7 "-" "eFind/Cthulhu 0.9"
185.35.220.206 - - [19/Oct/2017:03:43:41 +0300] "GET /efind.php?search=71RC80A&from=efind HTTP/1.0" 200 7 "-" "eFind/Cthulhu 0.9"
185.35.220.206 - - [19/Oct/2017:03:43:48 +0300] "GET /efind.php?search=GHM1540B104K630-500&from=efind HTTP/1.0" 200 7 "-" "eFind/Cthulhu 0.9"
185.35.220.206 - - [19/Oct/2017:03:43:49 +0300] "GET /efind.php?search=NCS2333&from=efind HTTP/1.0" 200 7 "-" "eFind/Cthulhu 0.9"
185.35.220.206 - - [19/Oct/2017:03:43:51 +0300] "GET /efind.php?search=5636%D0%B0%D0%B2&from=efind HTTP/1.0" 200 7 "-" "eFind/Cthulhu 0.9"
185.35.220.206 - - [19/Oct/2017:03:43:52 +0300] "GET /efind.php?search=FHN42W&from=efind HTTP/1.0" 200 7 "-" "eFind/Cthulhu 0.9"
185.35.220.206 - - [19/Oct/2017:03:43:52 +0300] "GET /efind.php?search=JTOS-100P&from=efind HTTP/1.0" 200 7 "-" "eFind/Cthulhu 0.9"
185.35.220.206 - - [19/Oct/2017:03:43:56 +0300] "GET /efind.php?search=DSB321SDM&from=efind HTTP/1.0" 200 7 "-" "eFind/Cthulhu 0.9"
185.35.220.206 - - [19/Oct/2017:03:44:01 +0300] "GET /efind.php?search=CFWB4401&from=efind HTTP/1.0" 200 7 "-" "eFind/Cthulhu 0.9"
185.35.220.206 - - [19/Oct/2017:03:44:02 +0300] "GET /efind.php?search=PIC18F2553&from=efind HTTP/1.0" 200 7 "-" "eFind/Cthulhu 0.9"
185.35.220.206 - - [19/Oct/2017:03:44:03 +0300] "GET /efind.php?search=16000%20%D0%BC%D0%BA%D1%84&from=efind HTTP/1.0" 200 7 "-" "eFind/Cthulhu 0.9"
185.35.220.206 - - [19/Oct/2017:03:44:06 +0300] "GET /efind.php?search=QL3025-OPF144C&from=efind HTTP/1.0" 200 7 "-" "eFind/Cthulhu 0.9"
185.35.220.206 - - [19/Oct/2017:03:44:06 +0300] "GET /efind.php?search=PLD%2080-G&from=efind HTTP/1.0" 200 7 "-" "eFind/Cthulhu 0.9"
185.35.220.206 - - [19/Oct/2017:03:44:12 +0300] "GET /efind.php?search=TLP631&from=efind HTTP/1.0" 200 7 "-" "eFind/Cthulhu 0.9"
185.35.220.206 - - [19/Oct/2017:03:44:16 +0300] "GET /efind.php?search=74HCT00PW&from=efind HTTP/1.0" 200 7 "-" "eFind/Cthulhu 0.9"
185.35.220.206 - - [19/Oct/2017:03:44:19 +0300] "GET /efind.php?search=Simcom&from=efind HTTP/1.0" 200 7 "-" "eFind/Cthulhu 0.9"
185.35.220.206 - - [19/Oct/2017:03:44:21 +0300] "GET /efind.php?search=GRM31A7U2J221JW31&from=efind HTTP/1.0" 200 7 "-" "eFind/Cthulhu 0.9"
185.35.220.206 - - [19/Oct/2017:03:44:23 +0300] "GET /efind.php?search=G3VM-353G&from=efind HTTP/1.0" 200 7 "-" "eFind/Cthulhu 0.9"
185.35.220.206 - - [19/Oct/2017:03:44:27 +0300] "GET /efind.php?search=AMC7150DL&from=efind HTTP/1.0" 200 7 "-" "eFind/Cthulhu 0.9"
185.35.220.206 - - [19/Oct/2017:03:44:27 +0300] "GET /efind.php?search=TRA3-L-24VDC-S-2Z&from=efind HTTP/1.0" 200 7 "-" "eFind/Cthulhu 0.9"
185.35.220.206 - - [19/Oct/2017:03:44:28 +0300] "GET /efind.php?search=SDS127-151M&from=efind HTTP/1.0" 200 7 "-" "eFind/Cthulhu 0.9"
185.35.220.206 - - [19/Oct/2017:03:44:31 +0300] "GET /efind.php?search=VJ1210Y823JFAT&from=efind HTTP/1.0" 200 7 "-" "eFind/Cthulhu 0.9"
185.35.220.206 - - [19/Oct/2017:03:44:33 +0300] "GET /efind.php?search=PR1218FK-117R5&from=efind HTTP/1.0" 200 7 "-" "eFind/Cthulhu 0.9"
185.35.220.206 - - [19/Oct/2017:03:44:33 +0300] "GET /efind.php?search=U41J1V8QE2&from=efind HTTP/1.0" 200 7 "-" "eFind/Cthulhu 0.9"
185.35.220.206 - - [19/Oct/2017:03:44:35 +0300] "GET /efind.php?search=LGDBHE&from=efind HTTP/1.0" 200 7 "-" "eFind/Cthulhu 0.9"
185.35.220.206 - - [19/Oct/2017:03:44:36 +0300] "GET /efind.php?search=09030006203&from=efind HTTP/1.0" 200 7 "-" "eFind/Cthulhu 0.9"
185.35.220.206 - - [19/Oct/2017:03:44:37 +0300] "GET /efind.php?search=74hc14&from=efind HTTP/1.0" 200 7 "-" "eFind/Cthulhu 0.9"
87.250.224.213 - - [19/Oct/2017:03:44:39 +0300] "GET /robots.txt HTTP/1.1" 200 604 "-" "Mozilla/5.0 (compatible; YandexBot/3.0; +http://yandex.com/bots)"
185.35.220.206 - - [19/Oct/2017:03:44:40 +0300] "GET /efind.php?search=LBV310-XXAGDNANX&from=efind HTTP/1.0" 200 7 "-" "eFind/Cthulhu 0.9"
185.35.220.206 - - [19/Oct/2017:03:44:41 +0300] "GET /efind.php?search=ECAP%201000/25V%201220%20105C&from=efind HTTP/1.0" 200 7 "-" "eFind/Cthulhu 0.9"
185.35.220.206 - - [19/Oct/2017:03:44:42 +0300] "GET /efind.php?search=0603L175SLYR&from=efind HTTP/1.0" 200 7 "-" "eFind/Cthulhu 0.9"
185.35.220.206 - - [19/Oct/2017:03:44:44 +0300] "GET /efind.php?search=B41851F7108M000&from=efind HTTP/1.0" 200 7 "-" "eFind/Cthulhu 0.9"
87.250.224.213 - - [19/Oct/2017:03:44:45 +0300] "GET /catalog/rezistory/moshchnye-rezistory/s5-35v/s5-35v-16vt/rezistor-s5-35v-16vt-330-om-10-21167/target=_blank HTTP/1.1" 404 11424 "-" "Mozilla/5.0 (compatible; YandexBot/3.0; +http://yandex.com/bots)"
185.35.220.206 - - [19/Oct/2017:03:44:47 +0300] "GET /efind.php?search=ISA07N65A%28B%29&from=efind HTTP/1.0" 200 7 "-" "eFind/Cthulhu 0.9"
185.35.220.206 - - [19/Oct/2017:03:44:52 +0300] "GET /efind.php?search=USB%20A%20to%20Mini%20B%201.8m&from=efind HTTP/1.0" 200 7 "-" "eFind/Cthulhu 0.9"
185.35.220.206 - - [19/Oct/2017:03:44:56 +0300] "GET /efind.php?search=SF-P101N%20%2016-pin%20%20%D1%81%20%D0%9F%D0%A0%D0%98%D0%92%D0%9E%D0%94%D0%9E%D0%9C&from=efind HTTP/1.0" 200 7 "-" "eFind/Cthulhu 0.9"
185.35.220.206 - - [19/Oct/2017:03:44:56 +0300] "GET /efind.php?search=%D0%A0%D0%91%D0%9C5-50-7%D0%A81%D0%92%20%D0%93%D0%95%D0%9E.364.196%D0%A2%D0%A3&from=efind HTTP/1.0" 200 7 "-" "eFind/Cthulhu 0.9"
185.35.220.206 - - [19/Oct/2017:03:44:59 +0300] "GET /efind.php?search=51S101-S00N5&from=efind HTTP/1.0" 200 7 "-" "eFind/Cthulhu 0.9"
185.35.220.206 - - [19/Oct/2017:03:45:01 +0300] "GET /efind.php?search=7914%D0%9D-1&from=efind HTTP/1.0" 200 7 "-" "eFind/Cthulhu 0.9"
185.35.220.206 - - [19/Oct/2017:03:45:02 +0300] "GET /efind.php?search=NLCV25T-100K-PF&from=efind HTTP/1.0" 200 7 "-" "eFind/Cthulhu 0.9"
185.35.220.206 - - [19/Oct/2017:03:45:03 +0300] "GET /efind.php?search=564%D0%B0%D0%B31%D0%B2%20%D0%BE%D1%81%D0%BC&from=efind HTTP/1.0" 200 7 "-" "eFind/Cthulhu 0.9"
185.35.220.206 - - [19/Oct/2017:03:45:06 +0300] "GET /efind.php?search=SI-3050C&from=efind HTTP/1.0" 200 7 "-" "eFind/Cthulhu 0.9"
185.35.220.206 - - [19/Oct/2017:03:45:08 +0300] "GET /efind.php?search=test20specYIBAHTMF&from=efind HTTP/1.0" 200 7 "-" "eFind/Cthulhu 0.9"
185.35.220.206 - - [19/Oct/2017:03:45:10 +0300] "GET /efind.php?search=%D0%BF1%D1%823-2%D0%B2&from=efind HTTP/1.0" 200 7 "-" "eFind/Cthulhu 0.9"
185.35.220.206 - - [19/Oct/2017:03:45:11 +0300] "GET /efind.php?search=M83723/95R20167&from=efind HTTP/1.0" 200 7 "-" "eFind/Cthulhu 0.9"
185.35.220.206 - - [19/Oct/2017:03:45:14 +0300] "GET /efind.php?search=%D1%812-23-05-1%2C5%D0%BA%D0%9E%D0%9C&from=efind HTTP/1.0" 200 7 "-" "eFind/Cthulhu 0.9"
185.35.220.206 - - [19/Oct/2017:03:45:17 +0300] "GET /efind.php?search=DS1095-10&from=efind HTTP/1.0" 200 7 "-" "eFind/Cthulhu 0.9"
185.35.220.206 - - [19/Oct/2017:03:45:17 +0300] "GET /efind.php?search=XY6112&from=efind HTTP/1.0" 200 7 "-" "eFind/Cthulhu 0.9"
185.35.220.206 - - [19/Oct/2017:03:45:19 +0300] "GET /efind.php?search=inverter%20jug7.820.1005-1&from=efind HTTP/1.0" 200 7 "-" "eFind/Cthulhu 0.9"
185.35.220.206 - - [19/Oct/2017:03:45:21 +0300] "GET /efind.php?search=N-13-PG&from=efind HTTP/1.0" 200 7 "-" "eFind/Cthulhu 0.9"
185.35.220.206 - - [19/Oct/2017:03:45:21 +0300] "GET /efind.php?search=CL21C2R7BBANNNC&from=efind HTTP/1.0" 200 7 "-" "eFind/Cthulhu 0.9"
185.35.220.206 - - [19/Oct/2017:03:45:26 +0300] "GET /efind.php?search=H7812AJ&from=efind HTTP/1.0" 200 7 "-" "eFind/Cthulhu 0.9"
185.35.220.206 - - [19/Oct/2017:03:45:30 +0300] "GET /efind.php?search=TIB96601&from=efind HTTP/1.0" 200 7 "-" "eFind/Cthulhu 0.9"
176.121.14.136 - - [19/Oct/2017:03:45:33 +0300] "GET /catalog/rezistory/rezistory-obshchego-naznacheniya/omlt/omlt-0-5vt/rezistor-omlt-0-5vt-330-kom-5-quot-5-quot-17929/ HTTP/1.1" 200 11485 "-" "Mozilla/5.0 (compatible, MSIE 11, Windows NT 6.3; Trident/7.0; rv:11.0) like Gecko"
185.35.220.206 - - [19/Oct/2017:03:45:34 +0300] "GET /efind.php?search=CRM2010-JW-620&from=efind HTTP/1.0" 200 7 "-" "eFind/Cthulhu 0.9"
207.46.13.75 - - [19/Oct/2017:03:45:34 +0300] "GET /catalog/rezistory/moshchnye-rezistory/s5-35v/s5-35v-10vt/rezistor-s5-35v-10vt-1-kom-5-16246/ HTTP/1.1" 200 11525 "-" "Mozilla/5.0 (compatible; bingbot/2.0; +http://www.bing.com/bingbot.htm)"
51.255.65.15 - - [19/Oct/2017:03:45:36 +0300] "GET /catalog/C0000008/C0000147/C0016656/ HTTP/1.1" 404 11377 "-" "Mozilla/5.0 (compatible; AhrefsBot/5.2; +http://ahrefs.com/robot/)"
185.35.220.206 - - [19/Oct/2017:03:45:37 +0300] "GET /efind.php?search=slvu2.8-4&from=efind HTTP/1.0" 200 7 "-" "eFind/Cthulhu 0.9"
185.35.220.206 - - [19/Oct/2017:03:45:38 +0300] "GET /efind.php?search=P1101AC2&from=efind HTTP/1.0" 200 7 "-" "eFind/Cthulhu 0.9"
185.35.220.206 - - [19/Oct/2017:03:45:39 +0300] "GET /efind.php?search=NX3225GD-8%20mhz&from=efind HTTP/1.0" 200 7 "-" "eFind/Cthulhu 0.9"
185.35.220.206 - - [19/Oct/2017:03:45:41 +0300] "GET /efind.php?search=CL8064701483802S%20R17L&from=efind HTTP/1.0" 200 7 "-" "eFind/Cthulhu 0.9"
185.35.220.206 - - [19/Oct/2017:03:45:41 +0300] "GET /efind.php?search=BYS1190&from=efind HTTP/1.0" 200 7 "-" "eFind/Cthulhu 0.9"
185.35.220.206 - - [19/Oct/2017:03:45:43 +0300] "GET /efind.php?search=LQW2BHN39&from=efind HTTP/1.0" 200 7 "-" "eFind/Cthulhu 0.9"
185.35.220.206 - - [19/Oct/2017:03:46:01 +0300] "GET /efind.php?search=MMH0026CG&from=efind HTTP/1.0" 200 7 "-" "eFind/Cthulhu 0.9"
185.35.220.206 - - [19/Oct/2017:03:46:07 +0300] "GET /efind.php?search=%D0%9A%D0%BE%D0%BD%D0%B4%D0%B5%D0%BD%D1%81%D0%B0%D1%82%D0%BE%D1%80%204700%D0%BC%D0%BA%D1%84&from=efind HTTP/1.0" 200 7 "-" "eFind/Cthulhu 0.9"
185.35.220.206 - - [19/Oct/2017:03:46:21 +0300] "GET /efind.php?search=LT1106&from=efind HTTP/1.0" 200 7 "-" "eFind/Cthulhu 0.9"
217.182.132.74 - - [19/Oct/2017:03:46:28 +0300] "GET /catalog/stabilitrony/d814-d818/stabilitron-d814g-quot-5-quot-23533/ HTTP/1.1" 200 10968 "-" "Mozilla/5.0 (compatible; AhrefsBot/5.2; +http://ahrefs.com/robot/)"
185.35.220.206 - - [19/Oct/2017:03:46:38 +0300] "GET /efind.php?search=XC6VCX475T-1FFG1759&from=efind HTTP/1.0" 200 7 "-" "eFind/Cthulhu 0.9"
185.35.220.206 - - [19/Oct/2017:03:46:41 +0300] "GET /efind.php?search=STV0042A&from=efind HTTP/1.0" 200 7 "-" "eFind/Cthulhu 0.9"
68.180.228.102 - - [19/Oct/2017:03:46:57 +0300] "GET /catalog/tiristory/trinistory/tiristor-ku111a-24170/ HTTP/1.1" 200 10819 "-" "Mozilla/5.0 (compatible; Yahoo! Slurp; http://help.yahoo.com/help/us/ysearch/slurp)"
185.35.220.206 - - [19/Oct/2017:03:47:01 +0300] "GET /efind.php?search=HFM108-T&from=efind HTTP/1.0" 200 7 "-" "eFind/Cthulhu 0.9"
176.121.14.121 - - [19/Oct/2017:03:47:09 +0300] "GET /catalog/rezistory/rezistory-obshchego-naznacheniya/s2-33/s2-33n/s2-33n-0-125vt/rezistor-s2-33n-0-125vt-18-kom-5-a-d-v-quot-5-quot-21576/ HTTP/1.1" 200 11677 "-" "Mozilla/5.0 (Windows NT 6.3; WOW64) AppleWebKit/537.36 (KHTML, like Gecko) Chrome/41.0.2226.0 Safari/537.36"
144.76.83.141 - - [19/Oct/2017:03:47:15 +0300] "GET /chipfind.php?search=R30R090 HTTP/1.1" 200 17 "-" "ChipFind search robot"
185.35.220.206 - - [19/Oct/2017:03:47:22 +0300] "GET /efind.php?search=90143-0104&from=efind HTTP/1.0" 200 7 "-" "eFind/Cthulhu 0.9"
144.76.83.141 - - [19/Oct/2017:03:47:24 +0300] "GET /chipfind.php?search=R3112 HTTP/1.1" 200 17 "-" "ChipFind search robot"
144.76.83.141 - - [19/Oct/2017:03:47:33 +0300] "GET /chipfind.php?search=R307 HTTP/1.1" 200 17 "-" "ChipFind search robot"
68.180.228.102 - - [19/Oct/2017:03:47:36 +0300] "GET /catalog/rezistory/varistory-nelineynye-rezistory/vr-9/ HTTP/1.1" 200 10593 "-" "Mozilla/5.0 (compatible; Yahoo! Slurp; http://help.yahoo.com/help/us/ysearch/slurp)"
185.35.220.206 - - [19/Oct/2017:03:47:42 +0300] "GET /efind.php?search=SUP8560-VPRD&from=efind HTTP/1.0" 200 7 "-" "eFind/Cthulhu 0.9"
185.35.220.206 - - [19/Oct/2017:03:48:02 +0300] "GET /efind.php?search=B41888C6108M000&from=efind HTTP/1.0" 200 7 "-" "eFind/Cthulhu 0.9"
185.35.220.206 - - [19/Oct/2017:03:48:08 +0300] "GET /efind.php?search=test20specWRNRNBVB&from=efind HTTP/1.0" 200 7 "-" "eFind/Cthulhu 0.9"
185.35.220.206 - - [19/Oct/2017:03:48:22 +0300] "GET /efind.php?search=ES3FB-13&from=efind HTTP/1.0" 200 7 "-" "eFind/Cthulhu 0.9"
185.35.220.206 - - [19/Oct/2017:03:48:41 +0300] "GET /efind.php?search=ECJ1VU1H020A&from=efind HTTP/1.0" 200 7 "-" "eFind/Cthulhu 0.9"
185.35.220.206 - - [19/Oct/2017:03:49:01 +0300] "GET /efind.php?search=SO-0165-04-01-02&from=efind HTTP/1.0" 200 7 "-" "eFind/Cthulhu 0.9"
185.35.220.206 - - [19/Oct/2017:03:49:20 +0300] "GET /efind.php?search=TPSE686K025R0125&from=efind HTTP/1.0" 200 7 "-" "eFind/Cthulhu 0.9"
185.35.220.206 - - [19/Oct/2017:03:49:23 +0300] "GET /efind.php?search=RH5RL32AA-T1&from=efind HTTP/1.0" 200 7 "-" "eFind/Cthulhu 0.9"
68.180.228.102 - - [19/Oct/2017:03:49:23 +0300] "GET /catalog/kondensatory/keramicheskie/ HTTP/1.1" 200 14856 "-" "Mozilla/5.0 (compatible; Yahoo! Slurp; http://help.yahoo.com/help/us/ysearch/slurp)"
185.35.220.206 - - [19/Oct/2017:03:49:24 +0300] "GET /efind.php?search=R49-5BRBET2-G&from=efind HTTP/1.0" 200 7 "-" "eFind/Cthulhu 0.9"
185.35.220.206 - - [19/Oct/2017:03:49:31 +0300] "GET /efind.php?search=2sa1368&from=efind HTTP/1.0" 200 7 "-" "eFind/Cthulhu 0.9"
144.76.83.141 - - [19/Oct/2017:03:49:31 +0300] "GET /chipfind.php?search=%D0%9A%D0%A0159%D0%9D%D0%A21 HTTP/1.1" 200 712 "-" "ChipFind search robot"
185.35.220.206 - - [19/Oct/2017:03:49:35 +0300] "GET /efind.php?search=BYS60-30&from=efind HTTP/1.0" 200 7 "-" "eFind/Cthulhu 0.9"
185.35.220.206 - - [19/Oct/2017:03:49:39 +0300] "GET /efind.php?search=irfp260&from=efind HTTP/1.0" 200 7 "-" "eFind/Cthulhu 0.9"
185.35.220.206 - - [19/Oct/2017:03:49:45 +0300] "GET /efind.php?search=%D0%A2%D0%9C-1307&from=efind HTTP/1.0" 200 7 "-" "eFind/Cthulhu 0.9"
185.35.220.206 - - [19/Oct/2017:03:49:51 +0300] "GET /efind.php?search=SWT-34&from=efind HTTP/1.0" 200 7 "-" "eFind/Cthulhu 0.9"
185.35.220.206 - - [19/Oct/2017:03:50:02 +0300] "GET /efind.php?search=D1106030B3904FP500&from=efind HTTP/1.0" 200 7 "-" "eFind/Cthulhu 0.9"
185.35.220.206 - - [19/Oct/2017:03:50:02 +0300] "GET /efind.php?search=grm1885c1h101ja01d&from=efind HTTP/1.0" 200 7 "-" "eFind/Cthulhu 0.9"
185.35.220.206 - - [19/Oct/2017:03:50:08 +0300] "GET /efind.php?search=max232&from=efind HTTP/1.0" 200 7 "-" "eFind/Cthulhu 0.9"
185.35.220.206 - - [19/Oct/2017:03:50:10 +0300] "GET /efind.php?search=OMI-SS-212&from=efind HTTP/1.0" 200 7 "-" "eFind/Cthulhu 0.9"
217.182.132.156 - - [19/Oct/2017:03:50:15 +0300] "GET /catalog/silovye-pribory/tiristory-silovye/tiristory-simmetrichnye-triaki/triaki-malogabaritnye-i-flancevye/ts132-ts232/tiristor-ts132-50-10-1999/ HTTP/1.1" 200 11608 "-" "Mozilla/5.0 (compatible; AhrefsBot/5.2; +http://ahrefs.com/robot/)"
185.35.220.206 - - [19/Oct/2017:03:50:17 +0300] "GET /efind.php?search=%D0%9A%D0%A01171%D0%A1%D0%9F64%20/%D0%94%D0%B0%D0%BB%D0%B5%D0%BA%D1%81/%20moq%3E200&from=efind HTTP/1.0" 200 7 "-" "eFind/Cthulhu 0.9"
185.35.220.206 - - [19/Oct/2017:03:50:22 +0300] "GET /efind.php?search=MB90F594GPFR-GE1&from=efind HTTP/1.0" 200 7 "-" "eFind/Cthulhu 0.9"
185.35.220.206 - - [19/Oct/2017:03:50:25 +0300] "GET /efind.php?search=Lora1276F30&from=efind HTTP/1.0" 200 7 "-" "eFind/Cthulhu 0.9"
185.35.220.206 - - [19/Oct/2017:03:50:32 +0300] "GET /efind.php?search=ice40&from=efind HTTP/1.0" 200 7 "-" "eFind/Cthulhu 0.9"
185.35.220.206 - - [19/Oct/2017:03:50:42 +0300] "GET /efind.php?search=YROTATE-IT-RX220&from=efind HTTP/1.0" 200 7 "-" "eFind/Cthulhu 0.9"
185.35.220.206 - - [19/Oct/2017:03:50:44 +0300] "GET /efind.php?search=FSA38026S&from=efind HTTP/1.0" 200 7 "-" "eFind/Cthulhu 0.9"
185.35.220.206 - - [19/Oct/2017:03:50:48 +0300] "GET /efind.php?search=Y27F1610&from=efind HTTP/1.0" 200 7 "-" "eFind/Cthulhu 0.9"
185.35.220.206 - - [19/Oct/2017:03:50:56 +0300] "GET /efind.php?search=tps62090&from=efind HTTP/1.0" 200 7 "-" "eFind/Cthulhu 0.9"
185.35.220.206 - - [19/Oct/2017:03:51:02 +0300] "GET /efind.php?search=P4KE130-B-LF&from=efind HTTP/1.0" 200 7 "-" "eFind/Cthulhu 0.9"
185.35.220.206 - - [19/Oct/2017:03:51:04 +0300] "GET /efind.php?search=QS1001A&from=efind HTTP/1.0" 200 7 "-" "eFind/Cthulhu 0.9"
185.35.220.206 - - [19/Oct/2017:03:51:08 +0300] "GET /efind.php?search=test20specDPNCSDCX&from=efind HTTP/1.0" 200 7 "-" "eFind/Cthulhu 0.9"
185.35.220.206 - - [19/Oct/2017:03:51:14 +0300] "GET /efind.php?search=sst29vf020&from=efind HTTP/1.0" 200 7 "-" "eFind/Cthulhu 0.9"
185.35.220.206 - - [19/Oct/2017:03:51:21 +0300] "GET /efind.php?search=2%D1%80%D0%BC30%D0%BA%D0%BF%D0%BD32%D1%881%D0%B21&from=efind HTTP/1.0" 200 7 "-" "eFind/Cthulhu 0.9"
